=== Creating logs directory ===
=== Changing to work directory ===
=== Building bench_read_1pz ===
=== Picking sample files ===
Found and selected 100 files
=== Running benchmark with n_threads=32 (full per-file output) ===
path,file_size,n_cells,nnz,decoded_bytes,cold_ms,warm_ms
/mnt/home/besleya/quant/GSE204864/GSM6199115/counts.1pz,513272,559,203344,1628992,13.809,11.4811
/mnt/home/besleya/quant/GSE278558/GSM8548823/counts.1pz,23106047,91981,25314656,202885176,1380.62,1367.54
/mnt/home/besleya/quant/GSE216357/GSM6670922/counts.1pz,16742892,8645,21749405,174029824,1311.88,1296.46
/mnt/home/besleya/quant/GSE206391/GSM6252975/counts.1pz,5339970,10498,5481942,43897532,311.781,306.145
/mnt/home/besleya/quant/GSE206284/GSM6249257/counts.1pz,2774384,12268,2423644,19438228,118.468,113.35
/mnt/home/besleya/quant/GSE261774/GSM8151509/counts.1pz,4317027,2468,5033570,40278436,304.173,299.032
/mnt/home/besleya/quant/GSE211956/GSM6506117/gene_counts.1pz,6740497,3072,8791799,70346684,538.023,538.442
/mnt/home/besleya/quant/GSE250558/GSM7981573/counts.1pz,14995791,18441,18084082,144746424,980.377,972.533
/mnt/home/besleya/quant/GSE181422/GSM5502225/counts.1pz,17662515,72428,17897930,143473156,970.339,958.851
/mnt/home/besleya/quant/GSE152522/GSM4617170/counts.1pz,3578381,6745,3684239,29500896,190.488,190.227
/mnt/home/besleya/quant/GSE129826/GSM3722736/counts.1pz,35494404,12916,51269494,410207620,3328.69,3314.13
/mnt/home/besleya/quant/GSE241386/GSM7728058/counts.1pz,20307475,15600,24082308,192720868,1457.1,1446.92
/mnt/home/besleya/quant/GSE266546/GSM8249673/counts.1pz,2407450,15117,1732601,13921280,81.4317,79.8002
/mnt/home/besleya/quant/GSE250558/GSM7981580/counts.1pz,3678804,82319,2321332,18899936,111.071,110.749
/mnt/home/besleya/quant/GSE211956/GSM6506109/gene_counts.1pz,3209845,2086,3505485,28052228,203.556,208.163
/mnt/home/besleya/quant/GSE150290/GSM4546306/counts.1pz,3205409,2206,3440824,27535420,202.171,200.912
/mnt/home/besleya/quant/GSE173180/GSM5261585/counts.1pz,31517915,114113,35226141,282265584,1990.79,1977.11
/mnt/home/besleya/quant/GSE150290/GSM4546307/counts.1pz,4600002,3494,5139735,41131860,300.261,295.925
/mnt/home/besleya/quant/GSE237239/GSM7597609/counts.1pz,70529614,137014,88856673,711401444,5420.96,5394.13
/mnt/home/besleya/quant/GSE242197/GSM7754836/counts.1pz,15868788,7551,19241270,153960368,1185.36,1173.45
/mnt/home/besleya/quant/GSE250558/GSM7981574/counts.1pz,13279403,19502,15443146,123623180,819.803,811.297
/mnt/home/besleya/quant/GSE269942/GSM8330744/counts.1pz,18485770,3867,25499396,204010640,1768.97,1764.23
/mnt/home/besleya/quant/GSE266546/GSM8249613/counts.1pz,3843563,22429,3217790,25832040,144.17,140.226
/mnt/home/besleya/quant/GSE254513/GSM8045364/counts.1pz,618355,7766,216785,1765348,12.4857,10.931
/mnt/home/besleya/quant/GSE260842/GSM8125228/counts.1pz,8424232,4218,9681670,77470236,588.875,588.239
/mnt/home/besleya/quant/GSE212505/GSM6533793/counts.1pz,20006261,96276,16957987,136049004,802.97,790.684
/mnt/home/besleya/quant/GSE234790/GSM7474809/counts.1pz,18063574,68206,18765300,150395228,1037,1028.84
/mnt/home/besleya/quant/GSE233766/GSM7434420/counts.1pz,43582275,87748,56766733,454484860,3306.69,3293.81
/mnt/home/besleya/quant/GSE204702/GSM6186068/counts.1pz,9328500,3932,11207604,89676564,687.53,682.567
/mnt/home/besleya/quant/GSE130931/GSM4041122/counts.1pz,2811148,19788,3205979,25726988,192.126,188.485
/mnt/home/besleya/quant/GSE266546/GSM8249684/counts.1pz,1868928,10811,1382258,11101312,65.3095,61.1238
/mnt/home/besleya/quant/GSE250558/GSM7981588/counts.1pz,5921634,17214,5825071,46669428,277.903,280.317
/mnt/home/besleya/quant/GSE211956/GSM6506111/gene_counts.1pz,4118356,1773,5542752,44349112,340.675,342.06
/mnt/home/besleya/quant/GSE204702/GSM6186024/counts.1pz,6090241,2190,7232473,57868548,454.515,450.513
/mnt/home/besleya/quant/GSE206391/GSM6252958/counts.1pz,1384148,328,1513993,12113260,98.3391,94.9439
/mnt/home/besleya/quant/GSE269942/GSM8330743/counts.1pz,2904767,293,3502324,28019768,243.581,242.161
/mnt/home/besleya/quant/GSE250558/GSM7981576/counts.1pz,37744885,17720,53074053,424663308,3362.07,3344.42
/mnt/home/besleya/quant/GSE152522/GSM4617199/counts.1pz,773850,4446,414257,3331844,20.055,17.9413
/mnt/home/besleya/quant/GSE303581/GSM9129495/counts.1pz,18099643,7788,23340404,186754388,1461.69,1445.92
/mnt/home/besleya/quant/GSE261774/GSM8151506/counts.1pz,5777402,4065,6741236,53946152,387.938,390.59
/mnt/home/besleya/quant/GSE204702/GSM6186029/counts.1pz,4552514,2790,5321400,42582364,309.413,310.354
/mnt/home/besleya/quant/GSE266546/GSM8249701/counts.1pz,708839,2683,352917,2834072,18.6707,15.4625
/mnt/home/besleya/quant/GSE269942/GSM8330736/counts.1pz,5514591,621,7255882,58049544,514.203,508.535
/mnt/home/besleya/quant/GSE150290/GSM4546345/counts.1pz,5075807,5403,5431042,43469952,304.582,300.51
/mnt/home/besleya/quant/GSE266427/GSM8246772/counts.1pz,25099733,76241,26981473,216156752,1517.6,1510.18
/mnt/home/besleya/quant/GSE275650/GSM8481946/counts.1pz,15013539,6802,20011434,160118684,1237.05,1223.27
/mnt/home/besleya/quant/GSE206391/GSM6252962/counts.1pz,875046,173,786903,6295920,52.7906,49.5234
/mnt/home/besleya/quant/GSE152522/GSM4617162/counts.1pz,4137179,5532,3790219,30343884,199.807,200.207
/mnt/home/besleya/quant/GSE204704/GSM6186114/counts.1pz,8584782,2869,11036003,88299504,697.064,695.942
/mnt/home/besleya/quant/GSE266546/GSM8249617/counts.1pz,1510700,8071,1067825,8574888,48.9644,46.1166
/mnt/home/besleya/quant/GSE266546/GSM8249721/counts.1pz,872914,3677,501442,4026248,23.6712,21.8057
/mnt/home/besleya/quant/GSE142277/GSM4224315/counts.1pz,2568023,740,3317425,26542364,212.054,210.131
/mnt/home/besleya/quant/GSE114725/GSM3148598/counts.1pz,569017,1193,266091,2133504,14.5806,12.512
/mnt/home/besleya/quant/GSE242197/GSM7754820/counts.1pz,15426210,6758,19268980,154178876,1185.35,1179.77
/mnt/home/besleya/quant/GSE114725/GSM3148629/counts.1pz,789025,1064,526261,4214348,29.1732,26.7363
/mnt/home/besleya/quant/GSE303581/GSM9129513/counts.1pz,18087781,10028,22848096,182824884,1384.23,1376.39
/mnt/home/besleya/quant/GSE266546/GSM8249607/counts.1pz,1910532,4457,1747105,13994672,87.2895,83.5642
/mnt/home/besleya/quant/GSE261774/GSM8151513/counts.1pz,5985534,4906,7045665,56384948,394.813,399.673
/mnt/home/besleya/quant/GSE206391/GSM6252947/counts.1pz,810849,709,575302,4605256,34.4974,31.733
/mnt/home/besleya/quant/GSE150290/GSM4546340/counts.1pz,2615385,1977,2661625,21300912,149.626,147.287
/mnt/home/besleya/quant/GSE121080/GSM3425697/counts.1pz,10087321,6221,12827159,102642160,754.11,755.385
/mnt/home/besleya/quant/GSE232362/GSM7329392/counts.1pz,27409499,112234,34954580,280085580,2170.52,2155.89
/mnt/home/besleya/quant/GSE204864/GSM6199113/counts.1pz,378864,266,74063,593572,5.54555,4.0557
/mnt/home/besleya/quant/GSE254513/GSM8045361/counts.1pz,362322,1133,46389,375648,4.65799,3.06973
/mnt/home/besleya/quant/GSE266546/GSM8249734/counts.1pz,495162,1006,183042,1468364,10.2659,8.60439
/mnt/home/besleya/quant/GSE260842/GSM8125234/counts.1pz,21571500,7595,25720209,205792056,1682.91,1671.49
/mnt/home/besleya/quant/GSE261110/GSM8135397/counts.1pz,38912553,25942,49870498,399067756,3075.65,3049.9
/mnt/home/besleya/quant/GSE266546/GSM8249664/counts.1pz,675271,3079,311893,2507464,15.381,13.3621
/mnt/home/besleya/quant/GSE114725/GSM3148618/counts.1pz,1179245,2323,928693,7438840,47.149,46.191
/mnt/home/besleya/quant/GSE129826/GSM3722730/counts.1pz,22769793,10423,30132042,241098032,1835.35,1819.9
/mnt/home/besleya/quant/GSE236710/GSM7573930/counts.1pz,25531536,91803,32105910,257214496,2147.64,2140.82
/mnt/home/besleya/quant/GSE206391/GSM6252957/counts.1pz,881261,155,803055,6425064,53.5795,52.3791
/mnt/home/besleya/quant/GSE204864/GSM6199105/counts.1pz,982055,1148,679052,5437012,37.748,34.479
/mnt/home/besleya/quant/GSE206391/GSM6252955/counts.1pz,709599,203,532123,4257800,33.9148,31.7307
/mnt/home/besleya/quant/GSE183217/GSM5553486/counts.1pz,84593074,342891,105896523,848543752,6398.79,6352.79
/mnt/home/besleya/quant/GSE280311/GSM8594539/counts.1pz,1447495,3282,1579232,12646988,80.8589,78.0622
/mnt/home/besleya/quant/GSE206284/GSM6249264/counts.1pz,2633745,12396,2251358,18060452,102.809,99.7687
/mnt/home/besleya/quant/GSE242197/GSM7754835/counts.1pz,24448115,81264,26072509,208905132,1533.06,1524.26
/mnt/home/besleya/quant/GSE216357/GSM6670927/counts.1pz,13910543,7655,17666250,141360624,1057.96,1045.68
/mnt/home/besleya/quant/GSE253903/GSM8029969/counts.1pz,14788132,6656,18073844,144617380,1146.4,1139.57
/mnt/home/besleya/quant/GSE266546/GSM8249650/counts.1pz,1962950,14967,1348256,10845920,57.1237,54.9746
/mnt/home/besleya/quant/GSE266546/GSM8249633/counts.1pz,586415,1981,249716,2005656,13.2784,11.0845
/mnt/home/besleya/quant/GSE303581/GSM9129518/counts.1pz,18987389,3003,27087265,216710136,1868.93,1859.37
/mnt/home/besleya/quant/GSE202410/GSM6119086/counts.1pz,5119191,3504,5813038,46518324,333.098,335.305
/mnt/home/besleya/quant/GSE204702/GSM6186046/counts.1pz,6801224,2087,8313289,66514664,532.924,529.312
/mnt/home/besleya/quant/GSE127246/GSM3633037/counts.1pz,7767897,22794,7500390,60094300,386.297,383.042
/mnt/home/besleya/quant/GSE178910/GSM5400788/counts.1pz,9505524,5453,12457534,99682088,741.388,737.43
/mnt/home/besleya/quant/GSE266546/GSM8249641/counts.1pz,833782,3263,480243,3855000,24.025,21.2187
/mnt/home/besleya/quant/GSE201534/GSM6066349/counts.1pz,22046966,105711,22604103,181255672,1129.83,1118.99
/mnt/home/besleya/quant/GSE156405/GSM4730270/counts.1pz,4307962,3581,4864227,38928144,273.683,276.356
/mnt/home/besleya/quant/GSE262686/GSM8173786/counts.1pz,297831,119,702,6096,2.24154,0.652686
/mnt/home/besleya/quant/GSE270533/GSM8346283/counts.1pz,870168,400,666269,5331756,41.2135,37.4176
/mnt/home/besleya/quant/GSE280311/GSM8594544/counts.1pz,1085984,4786,978412,7846444,46.0998,44.1344
/mnt/home/besleya/quant/GSE266546/GSM8249719/counts.1pz,1622373,4826,1322305,10597748,64.0881,63.463
/mnt/home/besleya/quant/GSE266546/GSM8249593/counts.1pz,824563,2609,511532,4102696,25.5797,23.126
/mnt/home/besleya/quant/GSE261774/GSM8151503/counts.1pz,9305885,4059,11655668,93261584,733.884,725.69
/mnt/home/besleya/quant/GSE266427/GSM8246776/counts.1pz,15863034,77597,15718633,126059456,809.88,801.895
/mnt/home/besleya/quant/GSE154535/GSM4673009/counts.1pz,1815261,403,1803156,14426864,115.999,113.422
/mnt/home/besleya/quant/GSE121080/GSM3425687/counts.1pz,5510331,3019,6458811,51682568,387.147,385.168
/mnt/home/besleya/quant/GSE270533/GSM8346282/counts.1pz,1168937,838,987240,7901276,55.8482,53.6376
# SUMMARY: files=100 mean_cold_ms=747.263 median_cold_ms=304.582 p95_cold_ms=3075.65 mean_warm_ms=741.774 median_warm_ms=300.51 p95_warm_ms=3049.9 mean_decoded_bytes=9.97127e+07
# SUMMARY (parallel n_threads=32): wall_clock_ms=7788.34 throughput_mb_s=127.405 throughput_files_s=12.8397
=== Quick runs at different thread counts ===
=== Quick run with n_threads=1 ===
path,file_size,n_cells,nnz,decoded_bytes,cold_ms,warm_ms
/mnt/home/besleya/quant/GSE204864/GSM6199115/counts.1pz,513272,559,203344,1628992,12.7222,11.5379
/mnt/home/besleya/quant/GSE278558/GSM8548823/counts.1pz,23106047,91981,25314656,202885176,1373.89,1367.58
/mnt/home/besleya/quant/GSE216357/GSM6670922/counts.1pz,16742892,8645,21749405,174029824,1306.16,1295.66
/mnt/home/besleya/quant/GSE206391/GSM6252975/counts.1pz,5339970,10498,5481942,43897532,309.281,306.596
/mnt/home/besleya/quant/GSE206284/GSM6249257/counts.1pz,2774384,12268,2423644,19438228,116.444,113.579
/mnt/home/besleya/quant/GSE261774/GSM8151509/counts.1pz,4317027,2468,5033570,40278436,302.462,298.535
/mnt/home/besleya/quant/GSE211956/GSM6506117/gene_counts.1pz,6740497,3072,8791799,70346684,538.419,538.459
/mnt/home/besleya/quant/GSE250558/GSM7981573/counts.1pz,14995791,18441,18084082,144746424,976.703,969.701
/mnt/home/besleya/quant/GSE181422/GSM5502225/counts.1pz,17662515,72428,17897930,143473156,966.255,958.427
/mnt/home/besleya/quant/GSE152522/GSM4617170/counts.1pz,3578381,6745,3684239,29500896,188.817,190.741
/mnt/home/besleya/quant/GSE129826/GSM3722736/counts.1pz,35494404,12916,51269494,410207620,3322.62,3316.6
/mnt/home/besleya/quant/GSE241386/GSM7728058/counts.1pz,20307475,15600,24082308,192720868,1451.15,1446.19
/mnt/home/besleya/quant/GSE266546/GSM8249673/counts.1pz,2407450,15117,1732601,13921280,78.7748,79.7033
/mnt/home/besleya/quant/GSE250558/GSM7981580/counts.1pz,3678804,82319,2321332,18899936,109.187,110.943
/mnt/home/besleya/quant/GSE211956/GSM6506109/gene_counts.1pz,3209845,2086,3505485,28052228,203.501,207.411
/mnt/home/besleya/quant/GSE150290/GSM4546306/counts.1pz,3205409,2206,3440824,27535420,200.23,200.422
/mnt/home/besleya/quant/GSE173180/GSM5261585/counts.1pz,31517915,114113,35226141,282265584,1981.69,1975.47
/mnt/home/besleya/quant/GSE150290/GSM4546307/counts.1pz,4600002,3494,5139735,41131860,297.624,294.949
/mnt/home/besleya/quant/GSE237239/GSM7597609/counts.1pz,70529614,137014,88856673,711401444,5406.65,5393.49
/mnt/home/besleya/quant/GSE242197/GSM7754836/counts.1pz,15868788,7551,19241270,153960368,1180.3,1171.87
/mnt/home/besleya/quant/GSE250558/GSM7981574/counts.1pz,13279403,19502,15443146,123623180,815.107,810.83
/mnt/home/besleya/quant/GSE269942/GSM8330744/counts.1pz,18485770,3867,25499396,204010640,1761.65,1762.62
/mnt/home/besleya/quant/GSE266546/GSM8249613/counts.1pz,3843563,22429,3217790,25832040,141.97,140.189
/mnt/home/besleya/quant/GSE254513/GSM8045364/counts.1pz,618355,7766,216785,1765348,11.3347,10.9225
/mnt/home/besleya/quant/GSE260842/GSM8125228/counts.1pz,8424232,4218,9681670,77470236,587.005,588.498
/mnt/home/besleya/quant/GSE212505/GSM6533793/counts.1pz,20006261,96276,16957987,136049004,798.119,790.728
/mnt/home/besleya/quant/GSE234790/GSM7474809/counts.1pz,18063574,68206,18765300,150395228,1031.93,1028.06
/mnt/home/besleya/quant/GSE233766/GSM7434420/counts.1pz,43582275,87748,56766733,454484860,3295.1,3288.91
/mnt/home/besleya/quant/GSE204702/GSM6186068/counts.1pz,9328500,3932,11207604,89676564,684.836,682.322
/mnt/home/besleya/quant/GSE130931/GSM4041122/counts.1pz,2811148,19788,3205979,25726988,187.364,188.286
/mnt/home/besleya/quant/GSE266546/GSM8249684/counts.1pz,1868928,10811,1382258,11101312,62.3363,61.0863
/mnt/home/besleya/quant/GSE250558/GSM7981588/counts.1pz,5921634,17214,5825071,46669428,274.889,279.667
/mnt/home/besleya/quant/GSE211956/GSM6506111/gene_counts.1pz,4118356,1773,5542752,44349112,340.579,342.305
/mnt/home/besleya/quant/GSE204702/GSM6186024/counts.1pz,6090241,2190,7232473,57868548,451.969,450.659
/mnt/home/besleya/quant/GSE206391/GSM6252958/counts.1pz,1384148,328,1513993,12113260,96.3442,94.9492
/mnt/home/besleya/quant/GSE269942/GSM8330743/counts.1pz,2904767,293,3502324,28019768,241.603,242.607
/mnt/home/besleya/quant/GSE250558/GSM7981576/counts.1pz,37744885,17720,53074053,424663308,3351.05,3346.19
/mnt/home/besleya/quant/GSE152522/GSM4617199/counts.1pz,773850,4446,414257,3331844,18.7779,17.928
/mnt/home/besleya/quant/GSE303581/GSM9129495/counts.1pz,18099643,7788,23340404,186754388,1454.83,1445.82
/mnt/home/besleya/quant/GSE261774/GSM8151506/counts.1pz,5777402,4065,6741236,53946152,385.334,389.303
/mnt/home/besleya/quant/GSE204702/GSM6186029/counts.1pz,4552514,2790,5321400,42582364,307.063,309.95
/mnt/home/besleya/quant/GSE266546/GSM8249701/counts.1pz,708839,2683,352917,2834072,16.2672,15.494
/mnt/home/besleya/quant/GSE269942/GSM8330736/counts.1pz,5514591,621,7255882,58049544,511.231,508.409
/mnt/home/besleya/quant/GSE150290/GSM4546345/counts.1pz,5075807,5403,5431042,43469952,302.704,299.619
/mnt/home/besleya/quant/GSE266427/GSM8246772/counts.1pz,25099733,76241,26981473,216156752,1516.09,1509.59
/mnt/home/besleya/quant/GSE275650/GSM8481946/counts.1pz,15013539,6802,20011434,160118684,1230.6,1222.89
/mnt/home/besleya/quant/GSE206391/GSM6252962/counts.1pz,875046,173,786903,6295920,50.8397,49.5454
/mnt/home/besleya/quant/GSE152522/GSM4617162/counts.1pz,4137179,5532,3790219,30343884,197.595,199.938
/mnt/home/besleya/quant/GSE204704/GSM6186114/counts.1pz,8584782,2869,11036003,88299504,692.3,696.03
/mnt/home/besleya/quant/GSE266546/GSM8249617/counts.1pz,1510700,8071,1067825,8574888,46.6705,46.41
/mnt/home/besleya/quant/GSE266546/GSM8249721/counts.1pz,872914,3677,501442,4026248,22.7959,21.8285
/mnt/home/besleya/quant/GSE142277/GSM4224315/counts.1pz,2568023,740,3317425,26542364,210.622,209.864
/mnt/home/besleya/quant/GSE114725/GSM3148598/counts.1pz,569017,1193,266091,2133504,12.9637,12.5266
/mnt/home/besleya/quant/GSE242197/GSM7754820/counts.1pz,15426210,6758,19268980,154178876,1179.83,1176.33
/mnt/home/besleya/quant/GSE114725/GSM3148629/counts.1pz,789025,1064,526261,4214348,27.6695,26.7486
/mnt/home/besleya/quant/GSE303581/GSM9129513/counts.1pz,18087781,10028,22848096,182824884,1379.27,1376.63
/mnt/home/besleya/quant/GSE266546/GSM8249607/counts.1pz,1910532,4457,1747105,13994672,85.8204,83.7042
/mnt/home/besleya/quant/GSE261774/GSM8151513/counts.1pz,5985534,4906,7045665,56384948,393.483,398.815
/mnt/home/besleya/quant/GSE206391/GSM6252947/counts.1pz,810849,709,575302,4605256,32.5672,31.5244
/mnt/home/besleya/quant/GSE150290/GSM4546340/counts.1pz,2615385,1977,2661625,21300912,148.607,147.206
/mnt/home/besleya/quant/GSE121080/GSM3425697/counts.1pz,10087321,6221,12827159,102642160,751.413,755.085
/mnt/home/besleya/quant/GSE232362/GSM7329392/counts.1pz,27409499,112234,34954580,280085580,2163.47,2158.33
/mnt/home/besleya/quant/GSE204864/GSM6199113/counts.1pz,378864,266,74063,593572,4.89173,4.05186
/mnt/home/besleya/quant/GSE254513/GSM8045361/counts.1pz,362322,1133,46389,375648,3.39201,3.07206
/mnt/home/besleya/quant/GSE266546/GSM8249734/counts.1pz,495162,1006,183042,1468364,8.92556,8.60142
/mnt/home/besleya/quant/GSE260842/GSM8125234/counts.1pz,21571500,7595,25720209,205792056,1677.22,1671.35
/mnt/home/besleya/quant/GSE261110/GSM8135397/counts.1pz,38912553,25942,49870498,399067756,3058.98,3048.29
/mnt/home/besleya/quant/GSE266546/GSM8249664/counts.1pz,675271,3079,311893,2507464,13.8341,13.3491
/mnt/home/besleya/quant/GSE114725/GSM3148618/counts.1pz,1179245,2323,928693,7438840,45.3761,46.1549
/mnt/home/besleya/quant/GSE129826/GSM3722730/counts.1pz,22769793,10423,30132042,241098032,1827.25,1823.04
/mnt/home/besleya/quant/GSE236710/GSM7573930/counts.1pz,25531536,91803,32105910,257214496,2143.85,2138.61
/mnt/home/besleya/quant/GSE206391/GSM6252957/counts.1pz,881261,155,803055,6425064,52.2097,51.8181
/mnt/home/besleya/quant/GSE204864/GSM6199105/counts.1pz,982055,1148,679052,5437012,35.2859,34.5079
/mnt/home/besleya/quant/GSE206391/GSM6252955/counts.1pz,709599,203,532123,4257800,32.1609,31.7335
/mnt/home/besleya/quant/GSE183217/GSM5553486/counts.1pz,84593074,342891,105896523,848543752,6379.55,6348.75
/mnt/home/besleya/quant/GSE280311/GSM8594539/counts.1pz,1447495,3282,1579232,12646988,79.3041,78.129
/mnt/home/besleya/quant/GSE206284/GSM6249264/counts.1pz,2633745,12396,2251358,18060452,100.48,99.8004
/mnt/home/besleya/quant/GSE242197/GSM7754835/counts.1pz,24448115,81264,26072509,208905132,1526.14,1523.82
/mnt/home/besleya/quant/GSE216357/GSM6670927/counts.1pz,13910543,7655,17666250,141360624,1052.22,1045.95
/mnt/home/besleya/quant/GSE253903/GSM8029969/counts.1pz,14788132,6656,18073844,144617380,1145.44,1138.59
/mnt/home/besleya/quant/GSE266546/GSM8249650/counts.1pz,1962950,14967,1348256,10845920,56.7976,54.9901
/mnt/home/besleya/quant/GSE266546/GSM8249633/counts.1pz,586415,1981,249716,2005656,11.4893,12.6027
/mnt/home/besleya/quant/GSE303581/GSM9129518/counts.1pz,18987389,3003,27087265,216710136,1861.68,1859.18
/mnt/home/besleya/quant/GSE202410/GSM6119086/counts.1pz,5119191,3504,5813038,46518324,332.849,336.168
/mnt/home/besleya/quant/GSE204702/GSM6186046/counts.1pz,6801224,2087,8313289,66514664,530.33,529.333
/mnt/home/besleya/quant/GSE127246/GSM3633037/counts.1pz,7767897,22794,7500390,60094300,381.474,384.031
/mnt/home/besleya/quant/GSE178910/GSM5400788/counts.1pz,9505524,5453,12457534,99682088,738.424,737.07
/mnt/home/besleya/quant/GSE266546/GSM8249641/counts.1pz,833782,3263,480243,3855000,21.985,21.1797
/mnt/home/besleya/quant/GSE201534/GSM6066349/counts.1pz,22046966,105711,22604103,181255672,1122.64,1119.38
/mnt/home/besleya/quant/GSE156405/GSM4730270/counts.1pz,4307962,3581,4864227,38928144,271.972,274.225
/mnt/home/besleya/quant/GSE262686/GSM8173786/counts.1pz,297831,119,702,6096,1.0104,0.657458
/mnt/home/besleya/quant/GSE270533/GSM8346283/counts.1pz,870168,400,666269,5331756,38.2185,37.3312
/mnt/home/besleya/quant/GSE280311/GSM8594544/counts.1pz,1085984,4786,978412,7846444,43.9292,43.8479
/mnt/home/besleya/quant/GSE266546/GSM8249719/counts.1pz,1622373,4826,1322305,10597748,61.9232,63.2917
/mnt/home/besleya/quant/GSE266546/GSM8249593/counts.1pz,824563,2609,511532,4102696,23.667,23.1293
/mnt/home/besleya/quant/GSE261774/GSM8151503/counts.1pz,9305885,4059,11655668,93261584,729.593,725.53
/mnt/home/besleya/quant/GSE266427/GSM8246776/counts.1pz,15863034,77597,15718633,126059456,806.091,802.556
/mnt/home/besleya/quant/GSE154535/GSM4673009/counts.1pz,1815261,403,1803156,14426864,115.192,113.454
/mnt/home/besleya/quant/GSE121080/GSM3425687/counts.1pz,5510331,3019,6458811,51682568,382.982,385.692
/mnt/home/besleya/quant/GSE270533/GSM8346282/counts.1pz,1168937,838,987240,7901276,54.5353,53.5284
# SUMMARY: files=100 mean_cold_ms=743.682 median_cold_ms=302.704 p95_cold_ms=3058.98 mean_warm_ms=741.53 median_warm_ms=299.619 p95_warm_ms=3048.29 mean_decoded_bytes=9.97127e+07
=== Quick run with n_threads=4 ===
path,file_size,n_cells,nnz,decoded_bytes,cold_ms,warm_ms
/mnt/home/besleya/quant/GSE204864/GSM6199115/counts.1pz,513272,559,203344,1628992,12.7029,11.4925
/mnt/home/besleya/quant/GSE278558/GSM8548823/counts.1pz,23106047,91981,25314656,202885176,1373.04,1366.56
/mnt/home/besleya/quant/GSE216357/GSM6670922/counts.1pz,16742892,8645,21749405,174029824,1308.74,1294.6
/mnt/home/besleya/quant/GSE206391/GSM6252975/counts.1pz,5339970,10498,5481942,43897532,308.971,305.986
/mnt/home/besleya/quant/GSE206284/GSM6249257/counts.1pz,2774384,12268,2423644,19438228,116.349,113.769
/mnt/home/besleya/quant/GSE261774/GSM8151509/counts.1pz,4317027,2468,5033570,40278436,302.591,298.858
/mnt/home/besleya/quant/GSE211956/GSM6506117/gene_counts.1pz,6740497,3072,8791799,70346684,537.902,538.058
/mnt/home/besleya/quant/GSE250558/GSM7981573/counts.1pz,14995791,18441,18084082,144746424,976.18,969.355
/mnt/home/besleya/quant/GSE181422/GSM5502225/counts.1pz,17662515,72428,17897930,143473156,966.216,957.89
/mnt/home/besleya/quant/GSE152522/GSM4617170/counts.1pz,3578381,6745,3684239,29500896,188.459,190.812
/mnt/home/besleya/quant/GSE129826/GSM3722736/counts.1pz,35494404,12916,51269494,410207620,3320.65,3313.63
/mnt/home/besleya/quant/GSE241386/GSM7728058/counts.1pz,20307475,15600,24082308,192720868,1452.64,1444.79
/mnt/home/besleya/quant/GSE266546/GSM8249673/counts.1pz,2407450,15117,1732601,13921280,78.79,79.1751
/mnt/home/besleya/quant/GSE250558/GSM7981580/counts.1pz,3678804,82319,2321332,18899936,109.367,110.4
/mnt/home/besleya/quant/GSE211956/GSM6506109/gene_counts.1pz,3209845,2086,3505485,28052228,202.22,207.086
/mnt/home/besleya/quant/GSE150290/GSM4546306/counts.1pz,3205409,2206,3440824,27535420,199.643,200.543
/mnt/home/besleya/quant/GSE173180/GSM5261585/counts.1pz,31517915,114113,35226141,282265584,1982.49,1972.74
/mnt/home/besleya/quant/GSE150290/GSM4546307/counts.1pz,4600002,3494,5139735,41131860,297.739,295.086
/mnt/home/besleya/quant/GSE237239/GSM7597609/counts.1pz,70529614,137014,88856673,711401444,5404.22,5392.99
/mnt/home/besleya/quant/GSE242197/GSM7754836/counts.1pz,15868788,7551,19241270,153960368,1179.55,1172.03
/mnt/home/besleya/quant/GSE250558/GSM7981574/counts.1pz,13279403,19502,15443146,123623180,814.42,810.633
/mnt/home/besleya/quant/GSE269942/GSM8330744/counts.1pz,18485770,3867,25499396,204010640,1762.21,1763.86
/mnt/home/besleya/quant/GSE266546/GSM8249613/counts.1pz,3843563,22429,3217790,25832040,142.377,140.166
/mnt/home/besleya/quant/GSE254513/GSM8045364/counts.1pz,618355,7766,216785,1765348,11.2106,10.9314
/mnt/home/besleya/quant/GSE260842/GSM8125228/counts.1pz,8424232,4218,9681670,77470236,586.556,588.337
/mnt/home/besleya/quant/GSE212505/GSM6533793/counts.1pz,20006261,96276,16957987,136049004,796.21,791.716
/mnt/home/besleya/quant/GSE234790/GSM7474809/counts.1pz,18063574,68206,18765300,150395228,1034.74,1029.31
/mnt/home/besleya/quant/GSE233766/GSM7434420/counts.1pz,43582275,87748,56766733,454484860,3296.23,3289.76
/mnt/home/besleya/quant/GSE204702/GSM6186068/counts.1pz,9328500,3932,11207604,89676564,685.228,682.626
/mnt/home/besleya/quant/GSE130931/GSM4041122/counts.1pz,2811148,19788,3205979,25726988,187.448,188.36
/mnt/home/besleya/quant/GSE266546/GSM8249684/counts.1pz,1868928,10811,1382258,11101312,62.3924,61.1037
/mnt/home/besleya/quant/GSE250558/GSM7981588/counts.1pz,5921634,17214,5825071,46669428,275.111,278.951
/mnt/home/besleya/quant/GSE211956/GSM6506111/gene_counts.1pz,4118356,1773,5542752,44349112,340.355,341.648
/mnt/home/besleya/quant/GSE204702/GSM6186024/counts.1pz,6090241,2190,7232473,57868548,450.81,450.498
/mnt/home/besleya/quant/GSE206391/GSM6252958/counts.1pz,1384148,328,1513993,12113260,96.6152,94.985
/mnt/home/besleya/quant/GSE269942/GSM8330743/counts.1pz,2904767,293,3502324,28019768,241.839,242.62
/mnt/home/besleya/quant/GSE250558/GSM7981576/counts.1pz,37744885,17720,53074053,424663308,3354.05,3343.78
/mnt/home/besleya/quant/GSE152522/GSM4617199/counts.1pz,773850,4446,414257,3331844,18.5969,17.9648
/mnt/home/besleya/quant/GSE303581/GSM9129495/counts.1pz,18099643,7788,23340404,186754388,1454.5,1444.77
/mnt/home/besleya/quant/GSE261774/GSM8151506/counts.1pz,5777402,4065,6741236,53946152,385.334,389.683
/mnt/home/besleya/quant/GSE204702/GSM6186029/counts.1pz,4552514,2790,5321400,42582364,307.084,310.294
/mnt/home/besleya/quant/GSE266546/GSM8249701/counts.1pz,708839,2683,352917,2834072,16.1306,15.4492
/mnt/home/besleya/quant/GSE269942/GSM8330736/counts.1pz,5514591,621,7255882,58049544,510.434,508.157
/mnt/home/besleya/quant/GSE150290/GSM4546345/counts.1pz,5075807,5403,5431042,43469952,302.515,299.994
/mnt/home/besleya/quant/GSE266427/GSM8246772/counts.1pz,25099733,76241,26981473,216156752,1515.74,1507.71
/mnt/home/besleya/quant/GSE275650/GSM8481946/counts.1pz,15013539,6802,20011434,160118684,1233.62,1222.1
/mnt/home/besleya/quant/GSE206391/GSM6252962/counts.1pz,875046,173,786903,6295920,50.6571,49.5349
/mnt/home/besleya/quant/GSE152522/GSM4617162/counts.1pz,4137179,5532,3790219,30343884,197.203,199.9
/mnt/home/besleya/quant/GSE204704/GSM6186114/counts.1pz,8584782,2869,11036003,88299504,692.383,695.455
/mnt/home/besleya/quant/GSE266546/GSM8249617/counts.1pz,1510700,8071,1067825,8574888,46.9338,46.1312
/mnt/home/besleya/quant/GSE266546/GSM8249721/counts.1pz,872914,3677,501442,4026248,22.4732,21.8054
/mnt/home/besleya/quant/GSE142277/GSM4224315/counts.1pz,2568023,740,3317425,26542364,209.818,209.719
/mnt/home/besleya/quant/GSE114725/GSM3148598/counts.1pz,569017,1193,266091,2133504,13.0358,12.5029
/mnt/home/besleya/quant/GSE242197/GSM7754820/counts.1pz,15426210,6758,19268980,154178876,1180.56,1176.34
/mnt/home/besleya/quant/GSE114725/GSM3148629/counts.1pz,789025,1064,526261,4214348,27.7907,26.7234
/mnt/home/besleya/quant/GSE303581/GSM9129513/counts.1pz,18087781,10028,22848096,182824884,1377.56,1375.17
/mnt/home/besleya/quant/GSE266546/GSM8249607/counts.1pz,1910532,4457,1747105,13994672,86.172,83.5689
/mnt/home/besleya/quant/GSE261774/GSM8151513/counts.1pz,5985534,4906,7045665,56384948,393.022,398.185
/mnt/home/besleya/quant/GSE206391/GSM6252947/counts.1pz,810849,709,575302,4605256,32.3768,31.5407
/mnt/home/besleya/quant/GSE150290/GSM4546340/counts.1pz,2615385,1977,2661625,21300912,148.2,147.188
/mnt/home/besleya/quant/GSE121080/GSM3425697/counts.1pz,10087321,6221,12827159,102642160,751.502,754.25
/mnt/home/besleya/quant/GSE232362/GSM7329392/counts.1pz,27409499,112234,34954580,280085580,2161.48,2158.95
/mnt/home/besleya/quant/GSE204864/GSM6199113/counts.1pz,378864,266,74063,593572,4.43964,4.04159
/mnt/home/besleya/quant/GSE254513/GSM8045361/counts.1pz,362322,1133,46389,375648,3.27778,3.07819
/mnt/home/besleya/quant/GSE266546/GSM8249734/counts.1pz,495162,1006,183042,1468364,8.92521,8.60632
/mnt/home/besleya/quant/GSE260842/GSM8125234/counts.1pz,21571500,7595,25720209,205792056,1676.54,1670.51
/mnt/home/besleya/quant/GSE261110/GSM8135397/counts.1pz,38912553,25942,49870498,399067756,3057.9,3048.13
/mnt/home/besleya/quant/GSE266546/GSM8249664/counts.1pz,675271,3079,311893,2507464,13.8617,13.3502
/mnt/home/besleya/quant/GSE114725/GSM3148618/counts.1pz,1179245,2323,928693,7438840,45.2242,46.1029
/mnt/home/besleya/quant/GSE129826/GSM3722730/counts.1pz,22769793,10423,30132042,241098032,1826.76,1819.4
/mnt/home/besleya/quant/GSE236710/GSM7573930/counts.1pz,25531536,91803,32105910,257214496,2142.76,2136.07
/mnt/home/besleya/quant/GSE206391/GSM6252957/counts.1pz,881261,155,803055,6425064,52.2655,51.7834
/mnt/home/besleya/quant/GSE204864/GSM6199105/counts.1pz,982055,1148,679052,5437012,35.1171,34.4759
/mnt/home/besleya/quant/GSE206391/GSM6252955/counts.1pz,709599,203,532123,4257800,32.1118,31.7146
/mnt/home/besleya/quant/GSE183217/GSM5553486/counts.1pz,84593074,342891,105896523,848543752,6377.98,6347.04
/mnt/home/besleya/quant/GSE280311/GSM8594539/counts.1pz,1447495,3282,1579232,12646988,79.037,78.0529
/mnt/home/besleya/quant/GSE206284/GSM6249264/counts.1pz,2633745,12396,2251358,18060452,100.187,99.7076
/mnt/home/besleya/quant/GSE242197/GSM7754835/counts.1pz,24448115,81264,26072509,208905132,1524.02,1523.58
/mnt/home/besleya/quant/GSE216357/GSM6670927/counts.1pz,13910543,7655,17666250,141360624,1051.43,1044.78
/mnt/home/besleya/quant/GSE253903/GSM8029969/counts.1pz,14788132,6656,18073844,144617380,1145.9,1137.87
/mnt/home/besleya/quant/GSE266546/GSM8249650/counts.1pz,1962950,14967,1348256,10845920,56.7537,54.9404
/mnt/home/besleya/quant/GSE266546/GSM8249633/counts.1pz,586415,1981,249716,2005656,11.4067,11.0576
/mnt/home/besleya/quant/GSE303581/GSM9129518/counts.1pz,18987389,3003,27087265,216710136,1861,1858.14
/mnt/home/besleya/quant/GSE202410/GSM6119086/counts.1pz,5119191,3504,5813038,46518324,330.637,335.569
/mnt/home/besleya/quant/GSE204702/GSM6186046/counts.1pz,6801224,2087,8313289,66514664,530.134,530.453
/mnt/home/besleya/quant/GSE127246/GSM3633037/counts.1pz,7767897,22794,7500390,60094300,381.589,383.546
/mnt/home/besleya/quant/GSE178910/GSM5400788/counts.1pz,9505524,5453,12457534,99682088,737.832,737.058
/mnt/home/besleya/quant/GSE266546/GSM8249641/counts.1pz,833782,3263,480243,3855000,22.0846,21.1769
/mnt/home/besleya/quant/GSE201534/GSM6066349/counts.1pz,22046966,105711,22604103,181255672,1122.14,1119.29
/mnt/home/besleya/quant/GSE156405/GSM4730270/counts.1pz,4307962,3581,4864227,38928144,272.72,273.893
/mnt/home/besleya/quant/GSE262686/GSM8173786/counts.1pz,297831,119,702,6096,1.01727,0.642385
/mnt/home/besleya/quant/GSE270533/GSM8346283/counts.1pz,870168,400,666269,5331756,38.1646,37.3233
/mnt/home/besleya/quant/GSE280311/GSM8594544/counts.1pz,1085984,4786,978412,7846444,43.8573,43.7701
/mnt/home/besleya/quant/GSE266546/GSM8249719/counts.1pz,1622373,4826,1322305,10597748,62.3196,63.179
/mnt/home/besleya/quant/GSE266546/GSM8249593/counts.1pz,824563,2609,511532,4102696,23.63,23.0811
/mnt/home/besleya/quant/GSE261774/GSM8151503/counts.1pz,9305885,4059,11655668,93261584,729.214,725.295
/mnt/home/besleya/quant/GSE266427/GSM8246776/counts.1pz,15863034,77597,15718633,126059456,805.183,801.438
/mnt/home/besleya/quant/GSE154535/GSM4673009/counts.1pz,1815261,403,1803156,14426864,114.989,113.213
/mnt/home/besleya/quant/GSE121080/GSM3425687/counts.1pz,5510331,3019,6458811,51682568,382.434,384.987
/mnt/home/besleya/quant/GSE270533/GSM8346282/counts.1pz,1168937,838,987240,7901276,54.3053,53.5369
# SUMMARY: files=100 mean_cold_ms=743.505 median_cold_ms=302.591 p95_cold_ms=3057.9 mean_warm_ms=741.181 median_warm_ms=299.994 p95_warm_ms=3048.13 mean_decoded_bytes=9.97127e+07
# SUMMARY (parallel n_threads=4): wall_clock_ms=23586 throughput_mb_s=42.0705 throughput_files_s=4.2398
=== Quick run with n_threads=8 ===
path,file_size,n_cells,nnz,decoded_bytes,cold_ms,warm_ms
/mnt/home/besleya/quant/GSE204864/GSM6199115/counts.1pz,513272,559,203344,1628992,12.6454,11.4574
/mnt/home/besleya/quant/GSE278558/GSM8548823/counts.1pz,23106047,91981,25314656,202885176,1373.85,1367.51
/mnt/home/besleya/quant/GSE216357/GSM6670922/counts.1pz,16742892,8645,21749405,174029824,1309.29,1298.63
/mnt/home/besleya/quant/GSE206391/GSM6252975/counts.1pz,5339970,10498,5481942,43897532,310.1,306.388
/mnt/home/besleya/quant/GSE206284/GSM6249257/counts.1pz,2774384,12268,2423644,19438228,116.9,113.859
/mnt/home/besleya/quant/GSE261774/GSM8151509/counts.1pz,4317027,2468,5033570,40278436,303.076,299.189
/mnt/home/besleya/quant/GSE211956/GSM6506117/gene_counts.1pz,6740497,3072,8791799,70346684,538.463,539.074
/mnt/home/besleya/quant/GSE250558/GSM7981573/counts.1pz,14995791,18441,18084082,144746424,977.141,970.836
/mnt/home/besleya/quant/GSE181422/GSM5502225/counts.1pz,17662515,72428,17897930,143473156,967.791,960.228
/mnt/home/besleya/quant/GSE152522/GSM4617170/counts.1pz,3578381,6745,3684239,29500896,189.648,191.188
/mnt/home/besleya/quant/GSE129826/GSM3722736/counts.1pz,35494404,12916,51269494,410207620,3326.31,3317.69
/mnt/home/besleya/quant/GSE241386/GSM7728058/counts.1pz,20307475,15600,24082308,192720868,1452.19,1446.92
/mnt/home/besleya/quant/GSE266546/GSM8249673/counts.1pz,2407450,15117,1732601,13921280,78.788,79.2967
/mnt/home/besleya/quant/GSE250558/GSM7981580/counts.1pz,3678804,82319,2321332,18899936,109.422,110.494
/mnt/home/besleya/quant/GSE211956/GSM6506109/gene_counts.1pz,3209845,2086,3505485,28052228,202.784,207.263
/mnt/home/besleya/quant/GSE150290/GSM4546306/counts.1pz,3205409,2206,3440824,27535420,199.704,200.734
/mnt/home/besleya/quant/GSE173180/GSM5261585/counts.1pz,31517915,114113,35226141,282265584,1984.72,1976.92
/mnt/home/besleya/quant/GSE150290/GSM4546307/counts.1pz,4600002,3494,5139735,41131860,297.933,295.465
/mnt/home/besleya/quant/GSE237239/GSM7597609/counts.1pz,70529614,137014,88856673,711401444,5411.14,5397.96
/mnt/home/besleya/quant/GSE242197/GSM7754836/counts.1pz,15868788,7551,19241270,153960368,1180.27,1173.05
/mnt/home/besleya/quant/GSE250558/GSM7981574/counts.1pz,13279403,19502,15443146,123623180,815.843,812.674
/mnt/home/besleya/quant/GSE269942/GSM8330744/counts.1pz,18485770,3867,25499396,204010640,1763.29,1765.46
/mnt/home/besleya/quant/GSE266546/GSM8249613/counts.1pz,3843563,22429,3217790,25832040,142.239,140.365
/mnt/home/besleya/quant/GSE254513/GSM8045364/counts.1pz,618355,7766,216785,1765348,11.292,10.9453
/mnt/home/besleya/quant/GSE260842/GSM8125228/counts.1pz,8424232,4218,9681670,77470236,587.943,589.104
/mnt/home/besleya/quant/GSE212505/GSM6533793/counts.1pz,20006261,96276,16957987,136049004,798.603,791.586
/mnt/home/besleya/quant/GSE234790/GSM7474809/counts.1pz,18063574,68206,18765300,150395228,1032.57,1028.98
/mnt/home/besleya/quant/GSE233766/GSM7434420/counts.1pz,43582275,87748,56766733,454484860,3295.91,3295.67
/mnt/home/besleya/quant/GSE204702/GSM6186068/counts.1pz,9328500,3932,11207604,89676564,685.864,683.156
/mnt/home/besleya/quant/GSE130931/GSM4041122/counts.1pz,2811148,19788,3205979,25726988,187.712,188.341
/mnt/home/besleya/quant/GSE266546/GSM8249684/counts.1pz,1868928,10811,1382258,11101312,62.3851,61.1527
/mnt/home/besleya/quant/GSE250558/GSM7981588/counts.1pz,5921634,17214,5825071,46669428,274.655,279.802
/mnt/home/besleya/quant/GSE211956/GSM6506111/gene_counts.1pz,4118356,1773,5542752,44349112,340.496,341.955
/mnt/home/besleya/quant/GSE204702/GSM6186024/counts.1pz,6090241,2190,7232473,57868548,450.939,451.438
/mnt/home/besleya/quant/GSE206391/GSM6252958/counts.1pz,1384148,328,1513993,12113260,96.7261,94.9589
/mnt/home/besleya/quant/GSE269942/GSM8330743/counts.1pz,2904767,293,3502324,28019768,241.878,242.581
/mnt/home/besleya/quant/GSE250558/GSM7981576/counts.1pz,37744885,17720,53074053,424663308,3353.48,3346.15
/mnt/home/besleya/quant/GSE152522/GSM4617199/counts.1pz,773850,4446,414257,3331844,18.755,17.9099
/mnt/home/besleya/quant/GSE303581/GSM9129495/counts.1pz,18099643,7788,23340404,186754388,1456.64,1449.67
/mnt/home/besleya/quant/GSE261774/GSM8151506/counts.1pz,5777402,4065,6741236,53946152,385.852,390.025
/mnt/home/besleya/quant/GSE204702/GSM6186029/counts.1pz,4552514,2790,5321400,42582364,306.892,310.229
/mnt/home/besleya/quant/GSE266546/GSM8249701/counts.1pz,708839,2683,352917,2834072,16.4912,15.4872
/mnt/home/besleya/quant/GSE269942/GSM8330736/counts.1pz,5514591,621,7255882,58049544,511.374,509.079
/mnt/home/besleya/quant/GSE150290/GSM4546345/counts.1pz,5075807,5403,5431042,43469952,302.737,300.603
/mnt/home/besleya/quant/GSE266427/GSM8246772/counts.1pz,25099733,76241,26981473,216156752,1517.23,1511.21
/mnt/home/besleya/quant/GSE275650/GSM8481946/counts.1pz,15013539,6802,20011434,160118684,1232.03,1224.18
/mnt/home/besleya/quant/GSE206391/GSM6252962/counts.1pz,875046,173,786903,6295920,50.7078,49.5767
/mnt/home/besleya/quant/GSE152522/GSM4617162/counts.1pz,4137179,5532,3790219,30343884,198.203,200.161
/mnt/home/besleya/quant/GSE204704/GSM6186114/counts.1pz,8584782,2869,11036003,88299504,693.075,695.965
/mnt/home/besleya/quant/GSE266546/GSM8249617/counts.1pz,1510700,8071,1067825,8574888,46.7247,46.228
/mnt/home/besleya/quant/GSE266546/GSM8249721/counts.1pz,872914,3677,501442,4026248,22.3985,21.7996
/mnt/home/besleya/quant/GSE142277/GSM4224315/counts.1pz,2568023,740,3317425,26542364,209.451,210.221
/mnt/home/besleya/quant/GSE114725/GSM3148598/counts.1pz,569017,1193,266091,2133504,12.9648,12.509
/mnt/home/besleya/quant/GSE242197/GSM7754820/counts.1pz,15426210,6758,19268980,154178876,1180.91,1177.19
/mnt/home/besleya/quant/GSE114725/GSM3148629/counts.1pz,789025,1064,526261,4214348,27.8141,26.7679
/mnt/home/besleya/quant/GSE303581/GSM9129513/counts.1pz,18087781,10028,22848096,182824884,1381.2,1376.99
/mnt/home/besleya/quant/GSE266546/GSM8249607/counts.1pz,1910532,4457,1747105,13994672,85.7383,83.6403
/mnt/home/besleya/quant/GSE261774/GSM8151513/counts.1pz,5985534,4906,7045665,56384948,393.381,399.053
/mnt/home/besleya/quant/GSE206391/GSM6252947/counts.1pz,810849,709,575302,4605256,32.5778,31.5699
/mnt/home/besleya/quant/GSE150290/GSM4546340/counts.1pz,2615385,1977,2661625,21300912,148.232,147.304
/mnt/home/besleya/quant/GSE121080/GSM3425697/counts.1pz,10087321,6221,12827159,102642160,751.93,755.402
/mnt/home/besleya/quant/GSE232362/GSM7329392/counts.1pz,27409499,112234,34954580,280085580,2165.44,2157.35
/mnt/home/besleya/quant/GSE204864/GSM6199113/counts.1pz,378864,266,74063,593572,4.48082,4.05292
/mnt/home/besleya/quant/GSE254513/GSM8045361/counts.1pz,362322,1133,46389,375648,3.32893,3.06336
/mnt/home/besleya/quant/GSE266546/GSM8249734/counts.1pz,495162,1006,183042,1468364,8.93882,8.62083
/mnt/home/besleya/quant/GSE260842/GSM8125234/counts.1pz,21571500,7595,25720209,205792056,1677.92,1672.42
/mnt/home/besleya/quant/GSE261110/GSM8135397/counts.1pz,38912553,25942,49870498,399067756,3063.01,3051.76
/mnt/home/besleya/quant/GSE266546/GSM8249664/counts.1pz,675271,3079,311893,2507464,14.2012,13.3554
/mnt/home/besleya/quant/GSE114725/GSM3148618/counts.1pz,1179245,2323,928693,7438840,45.1899,46.1587
/mnt/home/besleya/quant/GSE129826/GSM3722730/counts.1pz,22769793,10423,30132042,241098032,1830.49,1820.6
/mnt/home/besleya/quant/GSE236710/GSM7573930/counts.1pz,25531536,91803,32105910,257214496,2143.36,2138.71
/mnt/home/besleya/quant/GSE206391/GSM6252957/counts.1pz,881261,155,803055,6425064,52.1622,51.863
/mnt/home/besleya/quant/GSE204864/GSM6199105/counts.1pz,982055,1148,679052,5437012,35.2302,34.5164
/mnt/home/besleya/quant/GSE206391/GSM6252955/counts.1pz,709599,203,532123,4257800,32.1229,31.765
/mnt/home/besleya/quant/GSE183217/GSM5553486/counts.1pz,84593074,342891,105896523,848543752,6384.84,6353.45
/mnt/home/besleya/quant/GSE280311/GSM8594539/counts.1pz,1447495,3282,1579232,12646988,79.1288,78.0896
/mnt/home/besleya/quant/GSE206284/GSM6249264/counts.1pz,2633745,12396,2251358,18060452,100.305,99.7383
/mnt/home/besleya/quant/GSE242197/GSM7754835/counts.1pz,24448115,81264,26072509,208905132,1525.63,1525.88
/mnt/home/besleya/quant/GSE216357/GSM6670927/counts.1pz,13910543,7655,17666250,141360624,1052.75,1045.82
/mnt/home/besleya/quant/GSE253903/GSM8029969/counts.1pz,14788132,6656,18073844,144617380,1148.77,1139.76
/mnt/home/besleya/quant/GSE266546/GSM8249650/counts.1pz,1962950,14967,1348256,10845920,56.6983,54.9823
/mnt/home/besleya/quant/GSE266546/GSM8249633/counts.1pz,586415,1981,249716,2005656,11.437,11.1067
/mnt/home/besleya/quant/GSE303581/GSM9129518/counts.1pz,18987389,3003,27087265,216710136,1863.32,1860.91
/mnt/home/besleya/quant/GSE202410/GSM6119086/counts.1pz,5119191,3504,5813038,46518324,331.275,336.091
/mnt/home/besleya/quant/GSE204702/GSM6186046/counts.1pz,6801224,2087,8313289,66514664,530.82,529.55
/mnt/home/besleya/quant/GSE127246/GSM3633037/counts.1pz,7767897,22794,7500390,60094300,381.541,384.491
/mnt/home/besleya/quant/GSE178910/GSM5400788/counts.1pz,9505524,5453,12457534,99682088,740,737.755
/mnt/home/besleya/quant/GSE266546/GSM8249641/counts.1pz,833782,3263,480243,3855000,22.1494,21.2433
/mnt/home/besleya/quant/GSE201534/GSM6066349/counts.1pz,22046966,105711,22604103,181255672,1123.72,1119.88
/mnt/home/besleya/quant/GSE156405/GSM4730270/counts.1pz,4307962,3581,4864227,38928144,272.423,274.371
/mnt/home/besleya/quant/GSE262686/GSM8173786/counts.1pz,297831,119,702,6096,1.03875,0.649275
/mnt/home/besleya/quant/GSE270533/GSM8346283/counts.1pz,870168,400,666269,5331756,38.1422,37.344
/mnt/home/besleya/quant/GSE280311/GSM8594544/counts.1pz,1085984,4786,978412,7846444,44.0177,43.8181
/mnt/home/besleya/quant/GSE266546/GSM8249719/counts.1pz,1622373,4826,1322305,10597748,62.0929,63.2228
/mnt/home/besleya/quant/GSE266546/GSM8249593/counts.1pz,824563,2609,511532,4102696,24.0424,23.1243
/mnt/home/besleya/quant/GSE261774/GSM8151503/counts.1pz,9305885,4059,11655668,93261584,730.037,726.267
/mnt/home/besleya/quant/GSE266427/GSM8246776/counts.1pz,15863034,77597,15718633,126059456,807.956,802.62
/mnt/home/besleya/quant/GSE154535/GSM4673009/counts.1pz,1815261,403,1803156,14426864,115.277,113.499
/mnt/home/besleya/quant/GSE121080/GSM3425687/counts.1pz,5510331,3019,6458811,51682568,383.275,385.432
/mnt/home/besleya/quant/GSE270533/GSM8346282/counts.1pz,1168937,838,987240,7901276,54.4304,53.6326
# SUMMARY: files=100 mean_cold_ms=744.283 median_cold_ms=303.076 p95_cold_ms=3063.01 mean_warm_ms=742.082 median_warm_ms=300.603 p95_warm_ms=3051.76 mean_decoded_bytes=9.97127e+07
# SUMMARY (parallel n_threads=8): wall_clock_ms=15362 throughput_mb_s=64.5928 throughput_files_s=6.50956
=== Quick run with n_threads=16 ===
path,file_size,n_cells,nnz,decoded_bytes,cold_ms,warm_ms
/mnt/home/besleya/quant/GSE204864/GSM6199115/counts.1pz,513272,559,203344,1628992,12.7564,11.4879
/mnt/home/besleya/quant/GSE278558/GSM8548823/counts.1pz,23106047,91981,25314656,202885176,1375.93,1367.89
/mnt/home/besleya/quant/GSE216357/GSM6670922/counts.1pz,16742892,8645,21749405,174029824,1308.15,1297.56
/mnt/home/besleya/quant/GSE206391/GSM6252975/counts.1pz,5339970,10498,5481942,43897532,311.336,305.721
/mnt/home/besleya/quant/GSE206284/GSM6249257/counts.1pz,2774384,12268,2423644,19438228,117.333,113.473
/mnt/home/besleya/quant/GSE261774/GSM8151509/counts.1pz,4317027,2468,5033570,40278436,302.834,299.162
/mnt/home/besleya/quant/GSE211956/GSM6506117/gene_counts.1pz,6740497,3072,8791799,70346684,537.932,538.9
/mnt/home/besleya/quant/GSE250558/GSM7981573/counts.1pz,14995791,18441,18084082,144746424,976.505,970.88
/mnt/home/besleya/quant/GSE181422/GSM5502225/counts.1pz,17662515,72428,17897930,143473156,967.475,958.569
/mnt/home/besleya/quant/GSE152522/GSM4617170/counts.1pz,3578381,6745,3684239,29500896,188.835,190.299
/mnt/home/besleya/quant/GSE129826/GSM3722736/counts.1pz,35494404,12916,51269494,410207620,3326.6,3315.37
/mnt/home/besleya/quant/GSE241386/GSM7728058/counts.1pz,20307475,15600,24082308,192720868,1452.26,1447.76
/mnt/home/besleya/quant/GSE266546/GSM8249673/counts.1pz,2407450,15117,1732601,13921280,78.9334,79.7883
/mnt/home/besleya/quant/GSE250558/GSM7981580/counts.1pz,3678804,82319,2321332,18899936,109.534,110.877
/mnt/home/besleya/quant/GSE211956/GSM6506109/gene_counts.1pz,3209845,2086,3505485,28052228,203.303,207.395
/mnt/home/besleya/quant/GSE150290/GSM4546306/counts.1pz,3205409,2206,3440824,27535420,199.129,200.986
/mnt/home/besleya/quant/GSE173180/GSM5261585/counts.1pz,31517915,114113,35226141,282265584,1983.46,1976.98
/mnt/home/besleya/quant/GSE150290/GSM4546307/counts.1pz,4600002,3494,5139735,41131860,297.712,297.349
/mnt/home/besleya/quant/GSE237239/GSM7597609/counts.1pz,70529614,137014,88856673,711401444,5414.9,5398.93
/mnt/home/besleya/quant/GSE242197/GSM7754836/counts.1pz,15868788,7551,19241270,153960368,1180.65,1172.83
/mnt/home/besleya/quant/GSE250558/GSM7981574/counts.1pz,13279403,19502,15443146,123623180,815.537,812.186
/mnt/home/besleya/quant/GSE269942/GSM8330744/counts.1pz,18485770,3867,25499396,204010640,1764.29,1764.74
/mnt/home/besleya/quant/GSE266546/GSM8249613/counts.1pz,3843563,22429,3217790,25832040,142.232,140.448
/mnt/home/besleya/quant/GSE254513/GSM8045364/counts.1pz,618355,7766,216785,1765348,11.3812,10.9209
/mnt/home/besleya/quant/GSE260842/GSM8125228/counts.1pz,8424232,4218,9681670,77470236,586.526,589.548
/mnt/home/besleya/quant/GSE212505/GSM6533793/counts.1pz,20006261,96276,16957987,136049004,797.615,791.71
/mnt/home/besleya/quant/GSE234790/GSM7474809/counts.1pz,18063574,68206,18765300,150395228,1032.51,1029.47
/mnt/home/besleya/quant/GSE233766/GSM7434420/counts.1pz,43582275,87748,56766733,454484860,3299.44,3292.8
/mnt/home/besleya/quant/GSE204702/GSM6186068/counts.1pz,9328500,3932,11207604,89676564,686.752,682.979
/mnt/home/besleya/quant/GSE130931/GSM4041122/counts.1pz,2811148,19788,3205979,25726988,187.273,189.073
/mnt/home/besleya/quant/GSE266546/GSM8249684/counts.1pz,1868928,10811,1382258,11101312,62.4123,61.1278
/mnt/home/besleya/quant/GSE250558/GSM7981588/counts.1pz,5921634,17214,5825071,46669428,275.374,280.331
/mnt/home/besleya/quant/GSE211956/GSM6506111/gene_counts.1pz,4118356,1773,5542752,44349112,340.514,342.723
/mnt/home/besleya/quant/GSE204702/GSM6186024/counts.1pz,6090241,2190,7232473,57868548,451.055,450.773
/mnt/home/besleya/quant/GSE206391/GSM6252958/counts.1pz,1384148,328,1513993,12113260,96.7058,95.0377
/mnt/home/besleya/quant/GSE269942/GSM8330743/counts.1pz,2904767,293,3502324,28019768,241.723,242.158
/mnt/home/besleya/quant/GSE250558/GSM7981576/counts.1pz,37744885,17720,53074053,424663308,3352.82,3345.49
/mnt/home/besleya/quant/GSE152522/GSM4617199/counts.1pz,773850,4446,414257,3331844,18.6947,17.9546
/mnt/home/besleya/quant/GSE303581/GSM9129495/counts.1pz,18099643,7788,23340404,186754388,1455.55,1446.41
/mnt/home/besleya/quant/GSE261774/GSM8151506/counts.1pz,5777402,4065,6741236,53946152,386.558,391.592
/mnt/home/besleya/quant/GSE204702/GSM6186029/counts.1pz,4552514,2790,5321400,42582364,307.29,309.812
/mnt/home/besleya/quant/GSE266546/GSM8249701/counts.1pz,708839,2683,352917,2834072,16.1967,15.4744
/mnt/home/besleya/quant/GSE269942/GSM8330736/counts.1pz,5514591,621,7255882,58049544,512.095,508.122
/mnt/home/besleya/quant/GSE150290/GSM4546345/counts.1pz,5075807,5403,5431042,43469952,302.41,300.794
/mnt/home/besleya/quant/GSE266427/GSM8246772/counts.1pz,25099733,76241,26981473,216156752,1515.9,1509.52
/mnt/home/besleya/quant/GSE275650/GSM8481946/counts.1pz,15013539,6802,20011434,160118684,1231.23,1224.21
/mnt/home/besleya/quant/GSE206391/GSM6252962/counts.1pz,875046,173,786903,6295920,50.7161,49.6347
/mnt/home/besleya/quant/GSE152522/GSM4617162/counts.1pz,4137179,5532,3790219,30343884,197.955,200.37
/mnt/home/besleya/quant/GSE204704/GSM6186114/counts.1pz,8584782,2869,11036003,88299504,693.02,696.107
/mnt/home/besleya/quant/GSE266546/GSM8249617/counts.1pz,1510700,8071,1067825,8574888,46.8775,46.1411
/mnt/home/besleya/quant/GSE266546/GSM8249721/counts.1pz,872914,3677,501442,4026248,22.3689,21.8003
/mnt/home/besleya/quant/GSE142277/GSM4224315/counts.1pz,2568023,740,3317425,26542364,210.018,210.647
/mnt/home/besleya/quant/GSE114725/GSM3148598/counts.1pz,569017,1193,266091,2133504,12.9574,12.5112
/mnt/home/besleya/quant/GSE242197/GSM7754820/counts.1pz,15426210,6758,19268980,154178876,1181.47,1177.5
/mnt/home/besleya/quant/GSE114725/GSM3148629/counts.1pz,789025,1064,526261,4214348,27.8431,26.7807
/mnt/home/besleya/quant/GSE303581/GSM9129513/counts.1pz,18087781,10028,22848096,182824884,1378.99,1379.36
/mnt/home/besleya/quant/GSE266546/GSM8249607/counts.1pz,1910532,4457,1747105,13994672,85.812,83.6401
/mnt/home/besleya/quant/GSE261774/GSM8151513/counts.1pz,5985534,4906,7045665,56384948,393.101,398.704
/mnt/home/besleya/quant/GSE206391/GSM6252947/counts.1pz,810849,709,575302,4605256,32.4512,31.5592
/mnt/home/besleya/quant/GSE150290/GSM4546340/counts.1pz,2615385,1977,2661625,21300912,148.408,147.365
/mnt/home/besleya/quant/GSE121080/GSM3425697/counts.1pz,10087321,6221,12827159,102642160,753.343,755.821
/mnt/home/besleya/quant/GSE232362/GSM7329392/counts.1pz,27409499,112234,34954580,280085580,2166.36,2156.66
/mnt/home/besleya/quant/GSE204864/GSM6199113/counts.1pz,378864,266,74063,593572,4.39922,4.05372
/mnt/home/besleya/quant/GSE254513/GSM8045361/counts.1pz,362322,1133,46389,375648,3.28341,3.06979
/mnt/home/besleya/quant/GSE266546/GSM8249734/counts.1pz,495162,1006,183042,1468364,8.85118,8.59798
/mnt/home/besleya/quant/GSE260842/GSM8125234/counts.1pz,21571500,7595,25720209,205792056,1678.17,1671.53
/mnt/home/besleya/quant/GSE261110/GSM8135397/counts.1pz,38912553,25942,49870498,399067756,3060.38,3051.35
/mnt/home/besleya/quant/GSE266546/GSM8249664/counts.1pz,675271,3079,311893,2507464,13.9477,13.3846
/mnt/home/besleya/quant/GSE114725/GSM3148618/counts.1pz,1179245,2323,928693,7438840,45.3766,46.2187
/mnt/home/besleya/quant/GSE129826/GSM3722730/counts.1pz,22769793,10423,30132042,241098032,1828.8,1821.83
/mnt/home/besleya/quant/GSE236710/GSM7573930/counts.1pz,25531536,91803,32105910,257214496,2142.53,2139.79
/mnt/home/besleya/quant/GSE206391/GSM6252957/counts.1pz,881261,155,803055,6425064,52.364,52.4164
/mnt/home/besleya/quant/GSE204864/GSM6199105/counts.1pz,982055,1148,679052,5437012,35.4136,34.4958
/mnt/home/besleya/quant/GSE206391/GSM6252955/counts.1pz,709599,203,532123,4257800,32.1898,31.7552
/mnt/home/besleya/quant/GSE183217/GSM5553486/counts.1pz,84593074,342891,105896523,848543752,6384.81,6352.59
/mnt/home/besleya/quant/GSE280311/GSM8594539/counts.1pz,1447495,3282,1579232,12646988,79.2499,78.0634
/mnt/home/besleya/quant/GSE206284/GSM6249264/counts.1pz,2633745,12396,2251358,18060452,100.563,99.7806
/mnt/home/besleya/quant/GSE242197/GSM7754835/counts.1pz,24448115,81264,26072509,208905132,1525.13,1524.85
/mnt/home/besleya/quant/GSE216357/GSM6670927/counts.1pz,13910543,7655,17666250,141360624,1053.56,1045.91
/mnt/home/besleya/quant/GSE253903/GSM8029969/counts.1pz,14788132,6656,18073844,144617380,1148.28,1139.41
/mnt/home/besleya/quant/GSE266546/GSM8249650/counts.1pz,1962950,14967,1348256,10845920,56.8337,55.0439
/mnt/home/besleya/quant/GSE266546/GSM8249633/counts.1pz,586415,1981,249716,2005656,11.4179,11.0843
/mnt/home/besleya/quant/GSE303581/GSM9129518/counts.1pz,18987389,3003,27087265,216710136,1863.41,1860.32
/mnt/home/besleya/quant/GSE202410/GSM6119086/counts.1pz,5119191,3504,5813038,46518324,331.1,335.426
/mnt/home/besleya/quant/GSE204702/GSM6186046/counts.1pz,6801224,2087,8313289,66514664,530.127,529.254
/mnt/home/besleya/quant/GSE127246/GSM3633037/counts.1pz,7767897,22794,7500390,60094300,382.625,383.741
/mnt/home/besleya/quant/GSE178910/GSM5400788/counts.1pz,9505524,5453,12457534,99682088,738.653,737.898
/mnt/home/besleya/quant/GSE266546/GSM8249641/counts.1pz,833782,3263,480243,3855000,22.1384,21.2418
/mnt/home/besleya/quant/GSE201534/GSM6066349/counts.1pz,22046966,105711,22604103,181255672,1123.27,1119.53
/mnt/home/besleya/quant/GSE156405/GSM4730270/counts.1pz,4307962,3581,4864227,38928144,272.338,275.053
/mnt/home/besleya/quant/GSE262686/GSM8173786/counts.1pz,297831,119,702,6096,1.09088,0.655723
/mnt/home/besleya/quant/GSE270533/GSM8346283/counts.1pz,870168,400,666269,5331756,38.2456,37.3215
/mnt/home/besleya/quant/GSE280311/GSM8594544/counts.1pz,1085984,4786,978412,7846444,44.0418,43.7869
/mnt/home/besleya/quant/GSE266546/GSM8249719/counts.1pz,1622373,4826,1322305,10597748,62.2353,63.7726
/mnt/home/besleya/quant/GSE266546/GSM8249593/counts.1pz,824563,2609,511532,4102696,23.5854,23.1132
/mnt/home/besleya/quant/GSE261774/GSM8151503/counts.1pz,9305885,4059,11655668,93261584,730.06,725.85
/mnt/home/besleya/quant/GSE266427/GSM8246776/counts.1pz,15863034,77597,15718633,126059456,805.886,804.289
/mnt/home/besleya/quant/GSE154535/GSM4673009/counts.1pz,1815261,403,1803156,14426864,116.051,113.605
/mnt/home/besleya/quant/GSE121080/GSM3425687/counts.1pz,5510331,3019,6458811,51682568,384.293,385.646
/mnt/home/besleya/quant/GSE270533/GSM8346282/counts.1pz,1168937,838,987240,7901276,54.4732,53.5903
# SUMMARY: files=100 mean_cold_ms=744.265 median_cold_ms=302.834 p95_cold_ms=3060.38 mean_warm_ms=742.015 median_warm_ms=300.794 p95_warm_ms=3051.35 mean_decoded_bytes=9.97127e+07
# SUMMARY (parallel n_threads=16): wall_clock_ms=10120 throughput_mb_s=98.051 throughput_files_s=9.88143
=== Cleaning up ===
=== Done ===
