test_accuracy.cu(35): error: identifier "uint8_t" is undefined
  std::vector<uint8_t> load_binary_file(const char* filename) {
              ^

/opt/rh/gcc-toolset-13/root/usr/include/c++/13/bits/ptr_traits.h(168): error: class "std::__replace_first_arg<<error-type> *, const <error-type>>" has no member "type"
        __rebind, _Ptr, _Up>::type;
                              ^
          detected during:
            instantiation of type "std::__ptr_traits_impl<_Ptr, _Elt>::rebind<const <error-type>> [with _Ptr=<error-type> *, _Elt=std::__undefined]" at line 124 of /opt/rh/gcc-toolset-13/root/usr/include/c++/13/bits/alloc_traits.h
            instantiation of class "std::allocator_traits<_Alloc>::_Ptr<_Func, _Tp, <unnamed>> [with _Alloc=std::allocator<<error-type>>, _Func=std::__allocator_traits_base::__c_pointer, _Tp=const <error-type>, <unnamed>=void]" at line 157 of /opt/rh/gcc-toolset-13/root/usr/include/c++/13/bits/alloc_traits.h
            instantiation of class "std::allocator_traits<_Alloc> [with _Alloc=std::allocator<<error-type>>]" at line 47 of /opt/rh/gcc-toolset-13/root/usr/include/c++/13/ext/alloc_traits.h
            instantiation of class "__gnu_cxx::__alloc_traits<_Alloc, <unnamed>> [with _Alloc=std::allocator<<error-type>>, <unnamed>=<error-type>]" at line 88 of /opt/rh/gcc-toolset-13/root/usr/include/c++/13/bits/stl_vector.h
            instantiation of class "std::_Vector_base<_Tp, _Alloc> [with _Tp=<error-type>, _Alloc=std::allocator<<error-type>>]" at line 428 of /opt/rh/gcc-toolset-13/root/usr/include/c++/13/bits/stl_vector.h
            instantiation of class "std::vector<_Tp, _Alloc> [with _Tp=<error-type>, _Alloc=std::allocator<<error-type>>]" at line 35 of test_accuracy.cu

/opt/rh/gcc-toolset-13/root/usr/include/c++/13/bits/ptr_traits.h(168): error: class "std::__replace_first_arg<<error-type> *, void>" has no member "type"
        __rebind, _Ptr, _Up>::type;
                              ^
          detected during:
            instantiation of type "std::__ptr_traits_impl<_Ptr, _Elt>::rebind<void> [with _Ptr=<error-type> *, _Elt=std::__undefined]" at line 124 of /opt/rh/gcc-toolset-13/root/usr/include/c++/13/bits/alloc_traits.h
            instantiation of class "std::allocator_traits<_Alloc>::_Ptr<_Func, _Tp, <unnamed>> [with _Alloc=std::allocator<<error-type>>, _Func=std::__allocator_traits_base::__v_pointer, _Tp=void, <unnamed>=void]" at line 165 of /opt/rh/gcc-toolset-13/root/usr/include/c++/13/bits/alloc_traits.h
            instantiation of class "std::allocator_traits<_Alloc> [with _Alloc=std::allocator<<error-type>>]" at line 47 of /opt/rh/gcc-toolset-13/root/usr/include/c++/13/ext/alloc_traits.h
            instantiation of class "__gnu_cxx::__alloc_traits<_Alloc, <unnamed>> [with _Alloc=std::allocator<<error-type>>, <unnamed>=<error-type>]" at line 88 of /opt/rh/gcc-toolset-13/root/usr/include/c++/13/bits/stl_vector.h
            instantiation of class "std::_Vector_base<_Tp, _Alloc> [with _Tp=<error-type>, _Alloc=std::allocator<<error-type>>]" at line 428 of /opt/rh/gcc-toolset-13/root/usr/include/c++/13/bits/stl_vector.h
            instantiation of class "std::vector<_Tp, _Alloc> [with _Tp=<error-type>, _Alloc=std::allocator<<error-type>>]" at line 35 of test_accuracy.cu

/opt/rh/gcc-toolset-13/root/usr/include/c++/13/bits/ptr_traits.h(168): error: class "std::__replace_first_arg<<error-type> *, const void>" has no member "type"
        __rebind, _Ptr, _Up>::type;
                              ^
          detected during:
            instantiation of type "std::__ptr_traits_impl<_Ptr, _Elt>::rebind<const void> [with _Ptr=<error-type> *, _Elt=std::__undefined]" at line 124 of /opt/rh/gcc-toolset-13/root/usr/include/c++/13/bits/alloc_traits.h
            instantiation of class "std::allocator_traits<_Alloc>::_Ptr<_Func, _Tp, <unnamed>> [with _Alloc=std::allocator<<error-type>>, _Func=std::__allocator_traits_base::__cv_pointer, _Tp=const void, <unnamed>=void]" at line 173 of /opt/rh/gcc-toolset-13/root/usr/include/c++/13/bits/alloc_traits.h
            instantiation of class "std::allocator_traits<_Alloc> [with _Alloc=std::allocator<<error-type>>]" at line 47 of /opt/rh/gcc-toolset-13/root/usr/include/c++/13/ext/alloc_traits.h
            instantiation of class "__gnu_cxx::__alloc_traits<_Alloc, <unnamed>> [with _Alloc=std::allocator<<error-type>>, <unnamed>=<error-type>]" at line 88 of /opt/rh/gcc-toolset-13/root/usr/include/c++/13/bits/stl_vector.h
            instantiation of class "std::_Vector_base<_Tp, _Alloc> [with _Tp=<error-type>, _Alloc=std::allocator<<error-type>>]" at line 428 of /opt/rh/gcc-toolset-13/root/usr/include/c++/13/bits/stl_vector.h
            instantiation of class "std::vector<_Tp, _Alloc> [with _Tp=<error-type>, _Alloc=std::allocator<<error-type>>]" at line 35 of test_accuracy.cu

/opt/rh/gcc-toolset-13/root/usr/include/c++/13/bits/alloc_traits.h(57): error: class "std::__replace_first_arg<std::allocator<<error-type>>, <error-type>>" has no member "type"
     typename __replace_first_arg<_Tp, typename _Tp::value_type>::type,
                                                                  ^
          detected during:
            instantiation of class "std::__allocator_traits_base::__rebind<_Tp, _Up, <unnamed>> [with _Tp=std::allocator<<error-type>>, _Up=<error-type>, <unnamed>=void]" at line 95
            instantiation of type "std::__alloc_rebind<std::allocator<<error-type>>, <error-type>>" at line 228
            instantiation of type "std::allocator_traits<_Alloc>::rebind_alloc<<error-type>> [with _Alloc=std::allocator<<error-type>>]" at line 126 of /opt/rh/gcc-toolset-13/root/usr/include/c++/13/ext/alloc_traits.h
            instantiation of class "__gnu_cxx::__alloc_traits<_Alloc, <unnamed>>::rebind<_Tp> [with _Alloc=std::allocator<<error-type>>, <unnamed>=<error-type>, _Tp=<error-type>]" at line 88 of /opt/rh/gcc-toolset-13/root/usr/include/c++/13/bits/stl_vector.h
            instantiation of class "std::_Vector_base<_Tp, _Alloc> [with _Tp=<error-type>, _Alloc=std::allocator<<error-type>>]" at line 428 of /opt/rh/gcc-toolset-13/root/usr/include/c++/13/bits/stl_vector.h
            instantiation of class "std::vector<_Tp, _Alloc> [with _Tp=<error-type>, _Alloc=std::allocator<<error-type>>]" at line 35 of test_accuracy.cu

/opt/rh/gcc-toolset-13/root/usr/include/c++/13/bits/alloc_traits.h(95): error: class "std::__allocator_traits_base::__rebind<std::allocator<<error-type>>, <error-type>, void>" has no member "type"
        = typename __allocator_traits_base::template __rebind<_Alloc, _Up>::type;
                                                                            ^
          detected during:
            instantiation of type "std::__alloc_rebind<std::allocator<<error-type>>, <error-type>>" at line 228
            instantiation of type "std::allocator_traits<_Alloc>::rebind_alloc<<error-type>> [with _Alloc=std::allocator<<error-type>>]" at line 126 of /opt/rh/gcc-toolset-13/root/usr/include/c++/13/ext/alloc_traits.h
            instantiation of class "__gnu_cxx::__alloc_traits<_Alloc, <unnamed>>::rebind<_Tp> [with _Alloc=std::allocator<<error-type>>, <unnamed>=<error-type>, _Tp=<error-type>]" at line 88 of /opt/rh/gcc-toolset-13/root/usr/include/c++/13/bits/stl_vector.h
            instantiation of class "std::_Vector_base<_Tp, _Alloc> [with _Tp=<error-type>, _Alloc=std::allocator<<error-type>>]" at line 428 of /opt/rh/gcc-toolset-13/root/usr/include/c++/13/bits/stl_vector.h
            instantiation of class "std::vector<_Tp, _Alloc> [with _Tp=<error-type>, _Alloc=std::allocator<<error-type>>]" at line 35 of test_accuracy.cu

/opt/rh/gcc-toolset-13/root/usr/include/c++/13/ext/alloc_traits.h(44): error: a class or namespace qualified name is required
  template<typename _Alloc, typename = typename _Alloc::value_type>
                                                ^
          detected during:
            processing of template argument list for "__gnu_cxx::__alloc_traits" based on template argument <<error-type>> at line 89 of /opt/rh/gcc-toolset-13/root/usr/include/c++/13/bits/stl_vector.h
            instantiation of class "std::_Vector_base<_Tp, _Alloc> [with _Tp=<error-type>, _Alloc=std::allocator<<error-type>>]" at line 428 of /opt/rh/gcc-toolset-13/root/usr/include/c++/13/bits/stl_vector.h
            instantiation of class "std::vector<_Tp, _Alloc> [with _Tp=<error-type>, _Alloc=std::allocator<<error-type>>]" at line 35 of test_accuracy.cu

/opt/rh/gcc-toolset-13/root/usr/include/c++/13/ext/alloc_traits.h(44): error: expected a ","
  template<typename _Alloc, typename = typename _Alloc::value_type>
                                                      ^
          detected during:
            processing of template argument list for "__gnu_cxx::__alloc_traits" based on template argument <<error-type>> at line 89 of /opt/rh/gcc-toolset-13/root/usr/include/c++/13/bits/stl_vector.h
            instantiation of class "std::_Vector_base<_Tp, _Alloc> [with _Tp=<error-type>, _Alloc=std::allocator<<error-type>>]" at line 428 of /opt/rh/gcc-toolset-13/root/usr/include/c++/13/bits/stl_vector.h
            instantiation of class "std::vector<_Tp, _Alloc> [with _Tp=<error-type>, _Alloc=std::allocator<<error-type>>]" at line 35 of test_accuracy.cu

/opt/rh/gcc-toolset-13/root/usr/include/c++/13/bits/alloc_traits.h(110): error: a class or namespace qualified name is required
        typedef typename _Alloc::value_type value_type;
                         ^
          detected during:
            instantiation of class "std::allocator_traits<_Alloc> [with _Alloc=<error-type>]" at line 47 of /opt/rh/gcc-toolset-13/root/usr/include/c++/13/ext/alloc_traits.h
            instantiation of class "__gnu_cxx::__alloc_traits<_Alloc, <unnamed>> [with _Alloc=<error-type>, <unnamed>=<error-type>]" at line 89 of /opt/rh/gcc-toolset-13/root/usr/include/c++/13/bits/stl_vector.h
            instantiation of class "std::_Vector_base<_Tp, _Alloc> [with _Tp=<error-type>, _Alloc=std::allocator<<error-type>>]" at line 428 of /opt/rh/gcc-toolset-13/root/usr/include/c++/13/bits/stl_vector.h
            instantiation of class "std::vector<_Tp, _Alloc> [with _Tp=<error-type>, _Alloc=std::allocator<<error-type>>]" at line 35 of test_accuracy.cu

/opt/rh/gcc-toolset-13/root/usr/include/c++/13/bits/alloc_traits.h(110): error: global-scope qualifier (leading "::") is not allowed
        typedef typename _Alloc::value_type value_type;
                               ^
          detected during:
            instantiation of class "std::allocator_traits<_Alloc> [with _Alloc=<error-type>]" at line 47 of /opt/rh/gcc-toolset-13/root/usr/include/c++/13/ext/alloc_traits.h
            instantiation of class "__gnu_cxx::__alloc_traits<_Alloc, <unnamed>> [with _Alloc=<error-type>, <unnamed>=<error-type>]" at line 89 of /opt/rh/gcc-toolset-13/root/usr/include/c++/13/bits/stl_vector.h
            instantiation of class "std::_Vector_base<_Tp, _Alloc> [with _Tp=<error-type>, _Alloc=std::allocator<<error-type>>]" at line 428 of /opt/rh/gcc-toolset-13/root/usr/include/c++/13/bits/stl_vector.h
            instantiation of class "std::vector<_Tp, _Alloc> [with _Tp=<error-type>, _Alloc=std::allocator<<error-type>>]" at line 35 of test_accuracy.cu

/opt/rh/gcc-toolset-13/root/usr/include/c++/13/bits/alloc_traits.h(110): error: expected a ";"
        typedef typename _Alloc::value_type value_type;
                                            ^
          detected during:
            instantiation of class "std::allocator_traits<_Alloc> [with _Alloc=<error-type>]" at line 47 of /opt/rh/gcc-toolset-13/root/usr/include/c++/13/ext/alloc_traits.h
            instantiation of class "__gnu_cxx::__alloc_traits<_Alloc, <unnamed>> [with _Alloc=<error-type>, <unnamed>=<error-type>]" at line 89 of /opt/rh/gcc-toolset-13/root/usr/include/c++/13/bits/stl_vector.h
            instantiation of class "std::_Vector_base<_Tp, _Alloc> [with _Tp=<error-type>, _Alloc=std::allocator<<error-type>>]" at line 428 of /opt/rh/gcc-toolset-13/root/usr/include/c++/13/bits/stl_vector.h
            instantiation of class "std::vector<_Tp, _Alloc> [with _Tp=<error-type>, _Alloc=std::allocator<<error-type>>]" at line 35 of test_accuracy.cu

/opt/rh/gcc-toolset-13/root/usr/include/c++/13/bits/alloc_traits.h(117): error: identifier "value_type" is undefined
        using pointer = __detected_or_t<value_type*, __pointer, _Alloc>;
                                        ^
          detected during:
            instantiation of class "std::allocator_traits<_Alloc> [with _Alloc=<error-type>]" at line 47 of /opt/rh/gcc-toolset-13/root/usr/include/c++/13/ext/alloc_traits.h
            instantiation of class "__gnu_cxx::__alloc_traits<_Alloc, <unnamed>> [with _Alloc=<error-type>, <unnamed>=<error-type>]" at line 89 of /opt/rh/gcc-toolset-13/root/usr/include/c++/13/bits/stl_vector.h
            instantiation of class "std::_Vector_base<_Tp, _Alloc> [with _Tp=<error-type>, _Alloc=std::allocator<<error-type>>]" at line 428 of /opt/rh/gcc-toolset-13/root/usr/include/c++/13/bits/stl_vector.h
            instantiation of class "std::vector<_Tp, _Alloc> [with _Tp=<error-type>, _Alloc=std::allocator<<error-type>>]" at line 35 of test_accuracy.cu

/opt/rh/gcc-toolset-13/root/usr/include/c++/13/bits/alloc_traits.h(157): error: expected a ">"
        using const_pointer = typename _Ptr<__c_pointer, const value_type>::type;
                                                               ^
          detected during:
            instantiation of class "std::allocator_traits<_Alloc> [with _Alloc=<error-type>]" at line 47 of /opt/rh/gcc-toolset-13/root/usr/include/c++/13/ext/alloc_traits.h
            instantiation of class "__gnu_cxx::__alloc_traits<_Alloc, <unnamed>> [with _Alloc=<error-type>, <unnamed>=<error-type>]" at line 89 of /opt/rh/gcc-toolset-13/root/usr/include/c++/13/bits/stl_vector.h
            instantiation of class "std::_Vector_base<_Tp, _Alloc> [with _Tp=<error-type>, _Alloc=std::allocator<<error-type>>]" at line 428 of /opt/rh/gcc-toolset-13/root/usr/include/c++/13/bits/stl_vector.h
            instantiation of class "std::vector<_Tp, _Alloc> [with _Tp=<error-type>, _Alloc=std::allocator<<error-type>>]" at line 35 of test_accuracy.cu

/opt/rh/gcc-toolset-13/root/usr/include/c++/13/ext/alloc_traits.h(53): error: class "std::allocator_traits<<error-type>>" has no member "value_type"
      typedef typename _Base_type::value_type value_type;
                                   ^
          detected during:
            instantiation of class "__gnu_cxx::__alloc_traits<_Alloc, <unnamed>> [with _Alloc=<error-type>, <unnamed>=<error-type>]" at line 89 of /opt/rh/gcc-toolset-13/root/usr/include/c++/13/bits/stl_vector.h
            instantiation of class "std::_Vector_base<_Tp, _Alloc> [with _Tp=<error-type>, _Alloc=std::allocator<<error-type>>]" at line 428 of /opt/rh/gcc-toolset-13/root/usr/include/c++/13/bits/stl_vector.h
            instantiation of class "std::vector<_Tp, _Alloc> [with _Tp=<error-type>, _Alloc=std::allocator<<error-type>>]" at line 35 of test_accuracy.cu

/opt/rh/gcc-toolset-13/root/usr/include/c++/13/bits/stl_vector.h(134): error: not a class or struct name
   : public _Tp_alloc_type, public _Vector_impl_data
            ^
          detected during:
            instantiation of class "std::_Vector_base<_Tp, _Alloc>::_Vector_impl [with _Tp=<error-type>, _Alloc=std::allocator<<error-type>>]" at line 374
            instantiation of class "std::_Vector_base<_Tp, _Alloc> [with _Tp=<error-type>, _Alloc=std::allocator<<error-type>>]" at line 428
            instantiation of class "std::vector<_Tp, _Alloc> [with _Tp=<error-type>, _Alloc=std::allocator<<error-type>>]" at line 35 of test_accuracy.cu

/opt/rh/gcc-toolset-13/root/usr/include/c++/13/ext/alloc_traits.h(44): error: a class or namespace qualified name is required
  template<typename _Alloc, typename = typename _Alloc::value_type>
                                                ^
          detected during:
            processing of template argument list for "__gnu_cxx::__alloc_traits" based on template argument <<error-type>> at line 450 of /opt/rh/gcc-toolset-13/root/usr/include/c++/13/bits/stl_vector.h
            instantiation of class "std::vector<_Tp, _Alloc> [with _Tp=<error-type>, _Alloc=std::allocator<<error-type>>]" at line 35 of test_accuracy.cu

/opt/rh/gcc-toolset-13/root/usr/include/c++/13/ext/alloc_traits.h(44): error: expected a ","
  template<typename _Alloc, typename = typename _Alloc::value_type>
                                                      ^
          detected during:
            processing of template argument list for "__gnu_cxx::__alloc_traits" based on template argument <<error-type>> at line 450 of /opt/rh/gcc-toolset-13/root/usr/include/c++/13/bits/stl_vector.h
            instantiation of class "std::vector<_Tp, _Alloc> [with _Tp=<error-type>, _Alloc=std::allocator<<error-type>>]" at line 35 of test_accuracy.cu

test_accuracy.cu(44): error: identifier "uint8_t" is undefined
      std::vector<uint8_t> data(size);
                  ^

18 errors detected in the compilation of "test_accuracy.cu".
make: *** [Makefile:25: test_accuracy] Error 2
